test print 123

12.345679 9.123457 1.353180

12345678 9123456 1353179

12.345679 9123456 1353179

12345678 9.123457 1353179

12345678 9123456 1.353180

12345678 9.123457 1.353180

12.345679 9123456 1.353180

12.345679 9.123457 1353179

Success!
