e: 2.718282
negpi: -3.141593
inf: inf
negInf: -inf
floatNan: nan
floatMax: 340282346638528859811704183484516925440.000000
floatMin: -340282346638528859811704183484516925440.000000
posValue: 10.000000
negValue: -10.000000
posZero: 0.000000
negZero: -0.000000
e: 2.718282
negpi: -3.141593
inf: inf
negInf: -inf
doubleNan: nan
doubleMax: 179769313486231570814527423731704356798070567525844996598917476803157260780028538760589558632766878171540458953514382464234321326889464182768467546703537516986049910576551282076245490090389328944075868508455133942304583236903222948165808559332123348274797826204144723168738177180919299881250404026184124858368.000000
doubleMin: -179769313486231570814527423731704356798070567525844996598917476803157260780028538760589558632766878171540458953514382464234321326889464182768467546703537516986049910576551282076245490090389328944075868508455133942304583236903222948165808559332123348274797826204144723168738177180919299881250404026184124858368.000000
posValue: 10.000000
negValue: -10.000000
posZero: 0.000000
negZero: -0.000000
