size: 7
data: 100,-56,50,25,10,77,123
loop: 100 -56 50 25 10 77 123 
input:hi there!
texto
texte
$
5 : 10,30,20,11,88
other=some data.
seeked=me da.
seeked=ata.
seeked=ta.
fscanfed: 10 - hello
5 bytes to dev/null: 5
ok.
