Length of a triangle with sides 3 and 4 is 5.000000.
