constructing my foo
doing it
constructing my foo
constructing my bar
doing something else
destructing my foo
destructing my bar
destructing my foo
