Heap size before allocation: 16777216
Ptr: 1, value: 16843009, Heap size now: 96600064 (increase: 79822848 bytes)
