3
123,1073741823,1125899906842620
3
-123,-1073741823,-1125899906842620
