This is a wint: รถ.
This is a character: รถ.
number of characters in above string: 24. errno: 0
