4914553019779824384
1
2
bbccddeeff3344
4433ffeeddccbb00
4433ffeeddccbb00
Succeeded!
