[DEBUG] word 1: version, l: 7
1,one,4
2 12345 6 6789
