8
final 1:1305846
final 2:1305826
final 3:1305796
final 4:1305756
final 5:1305706
final 6:1305646
final 7:1305576
final 8:1305496
final 9:1305406
final 10:1305306
final 16:1305264
final 32:1305696
final 64:1305024
final 128:1305728
final 256:1305600
final 512:1305600
final 1024:1305600
final 10:1305306
final 20:1305548
final 30:1305814
final 40:1305336
final 50:1305906
final 60:1305476
final 70:1305582
final 80:1305712
final 90:1304842
16
final 1:332555510
final 2:332556002
final 3:332556740
final 4:332557724
final 5:332558954
final 6:332560430
final 7:332562152
final 8:332564120
final 9:332566334
final 10:332568794
final 16:332588720
final 32:332685152
final 64:333066944
final 128:334586240
final 256:340647680
final 512:332618240
final 1024:332812288
final 10:332568794
final 20:332606924
final 30:332669654
final 40:332756984
final 50:332868914
final 60:333005444
final 70:333166574
final 80:333352304
final 90:333562634
32
final 1:-2141821706
final 2:-2141821214
final 3:-2141820476
final 4:-2141819492
final 5:-2141818262
final 6:-2141816786
final 7:-2141815064
final 8:-2141813096
final 9:-2141810882
final 10:-2141808422
final 16:-2141788496
final 32:-2141692064
final 64:-2141310272
final 128:-2139790976
final 256:-2133729536
final 512:-2109515264
final 1024:-2012721152
final 10:-2141808422
final 20:-2141770292
final 30:-2141707562
final 40:-2141620232
final 50:-2141508302
final 60:-2141371772
final 70:-2141210642
final 80:-2141024912
final 90:-2140814582
