*cheez: 0+24*
*cheez: 0+24*
*albeit*
*albeit*
Q85*
maxxi:21*
maxxD:22.10*
*vfp:22,199*
*vfp:22,199*
abcdefghijklmno
abcdefghijklmno
abcdefghijklmno
abcdefghijklmno
