1.047198
4.430675
0.523599
4.430958
1.546991
1.270625
1.472219
2.000000
-0.399985
1.185465
7.389056
6.389056
0.500000
7.071068
3.737670
1.623249
3.761200
5.392317
16.000000
1
43.000000
-1.000000
-0.916522
0.636654
100.000000
2.291388
1.000000
-
2.718282
0.693147
2.302585
1.442695
0.434294
3.141593
0.707107
1.414214