hello world!
*100*
*fivesix*
mann
0.123456789123121982165720567082 : 0.12345678912312198 : 0.123456789123121982165720567082  (19)
success
