in main
foo called: 42 43 'a string'
dynCall => a string
