hello dere1
hello dere2
hello dere3
hello dere4
hello dere3
hello dere4
hello dere3
hello dere4
hello input 123
i: 0,0.00
i: 1,0.08
i: 2,0.17
sum: 6
|1.20|
loop iter!
loop iter!
