returning from main
onsuccess: 0
foo = 42
onsuccess: 1
foo = 42
