0.842701, 0.999978, -0.842701, 0.157299, 0.000022, 1.966105