loop thread: 0
loop thread: 1
loop thread: 2
loop thread: 3
loop thread: 4
loop thread: 5
loop thread: 6
loop thread: 7
loop thread: 8
loop thread: 9
loop thread: 10
loop thread: 11
loop thread done
joinng..
join done
