source: 3.1415926535   buffer: '31415927'   decimal: 1   sign: 0