section      size   addr
TYPE           41     10
IMPORT          7     53
FUNCTION        9     62
TABLE           5     73
MEMORY          6     80
GLOBAL          8     88
EXPORT         17     98
ELEM            9    117
CODE         1083    129
DATA           72   1214
JS		4799	0
Total		6056
