                                                                                                                                                      
                                                                                                                                                      
                                                                                                                                                      
                                                                                                                                                      
                                                                                                                                                      
                                                                                                                                                      
                                                                                                                                                      
                                                                                                                                                      
                                                                                                                                                      
                                                                                                                                                      
                                                                                                                                                      
                                                                                                                                                      
                                                                                                                                                      
                                                                                                                                                      
                                                                                                                                                      
                                                                                                                                                      
                                                                                                                                                      
                                                                                                                                                      
                                                                                                                                                      
                                                                                                                      ++*+                            
                                                                                                                    ++****                            
                                                                                                                  ++******+                           
                                                                                                                ++********+                           
                                                                                                                ***********+                          
                                                                                                                +**********+                          
                                                                                                                +***********                          
                                                                                                                 +**********+                         
                                                                                                                 +***********                         
                                                                                                                  +**********+                        
                                                                                                                  +**********+                        
                                                                                                                   +**********                        
                                                                                                 ++*+              +**********+                       
                                                                                               ++***+               +**********                       
                                                                                              +******+              +**********+                      
                                                                                              +******+               +**********                      
                                                                                              +*******               +**********+                     
                                                                                              +*******+     +++       +*********+                     
                                                                                              +********   +***+        **********                     
                                                                                              +********++******+       +*********+                    
                                                                                               ****************+        **********                    
                                                                                               *****************        +*********+                   
                                                                                               *****************+        **********                   
                                                                                               *****************+        +*********+                  
                                                                                             +****************+           *********+                  
                                                                                           +****************+             +*********                  
                                                                                          +****************                *********+                 
                                                                                           +***************+               +*********                 
                                                                                           +***************+                *********+                
                                                                                            ****************+               +*********                
                                                                                            +****+**********+                *********                
                                                                             ++++++++        **+  ***********+               +******+                 
                                                                          ++**********+           +**********+                ***++                   
                                                                       ++***************+          ***********                +++                     
                                                                      +******************+         +**********+                        ++             
                                                                    +*********************+         ***********                      ++**+            
                                                                   +**********************+         +**********+                   ++*****            
                                                                  +**********************+           ***********                 ++*******+           
                                                                 +************+++******+             +**********+               ***********           
                                                                +**********++    +***++               ***********               ***********+          
                                                               +*********+        +++                 +**********+              +***********          
                                                               *********+                             +**********+               ***********+         
                                                              +********+                               +**********+              +**********+         
                                                              +********                                +**********+               *********+          
                                                              +********                                 +**********+      ++      +******+            
                                                              *********+          ++********++          +***********+   +**+       ****+              
                                                              **********+    ++***************++         *************+*****+      +*+                
                                           +++++              +*********************************+        +******************+                         
                                        +*********++          +**********************************+        *******************                         
                                     ++*************+          ***********************************        +******************+                        
                                    +*****************+        +**********************************+        +****************+                         
                                  +********************+        ***********************************        +***************+                          
                                 +**********************+       +**********************************+        +************++                           
                                +************************+       +********************++***********+         +**********+                             
       ++*+                    +***********++*************+       +**************+++     +*********+          +******++                               
     ++****                   +*********+     +***********+         ++******+++           +********+              ++                                  
    +******+                  +********+       ++**********+                               ********+                                                  
    +*******                 +********+          ***********+                              ********+                                                  
    +*******+                +********+          +**********+                             +********+                                                  
     ********     +*+        *********            +**********+                           +********+                                                   
     ********+  +****        *********           +***********+                          +*********+                                                   
     *********+******+      +*********         +**************             ++         ++*********+                                                    
     *****************      +*********       +**************++            +**+      ++**********+                                                     
     +****************+     +*********     +**************+             ++*****++++************+                                                      
     +*****************     +*********+ ++**************+              +**********************+                                                       
     +****************+     +**********+**************+              ++**********************+                                                        
   +****************+       +***********************+                +**********************+                                                         
 +***************++          ********************++                   +*******************+                                                           
 ****************+           ******************++             +*+      +***************++                                                             
 +***************+           +***************++            ++***+       +************+                                                                
  ****************           +*************+            ++******+          ++***++++                                                                  
  +***************+           ***********+              ********+                                                                                     
   ****+***********           +***********              ********+                                                                                     
   +*+  +**********+           ***********+            +********+                                                                                     
         ***********           +***********+           +********                                                                                      
         +**********+          +************+         +********+                                                                                      
          ***********           +************+        *********                                                                                       
          +**********+           *************+     +*********+                                                                                       
          +***********           +**************++***********+                                                                                        
           +**********+           +**************************                                                                                         
           +**********+            +************************+                                                                                         
            +**********+            +**********************+                                                                                          
            +**********+             +*******************+                                                                                            
             ***********+             +****************+                                                                                              
             +**********+              ++************++                                                                                               
              ***********+                ++******++                                                                                                  
              +**********+      ++                                                                                                                    
               ***********+   +***                                                                                                                    
               +******************+                                                                                                                   
                *******************                                                                                                                   
                +******************+                                                                                                                  
                 ******************+                                                                                                                  
                 +****************+                                                                                                                   
                  +**************+                                                                                                                    
                  +************++                                                                                                                     
                   +**********+                                                                                                                       
                     +*****++                                                                                                                         
                                                                                                                                                      
                                                                                                                                                      
                                                                                                                                                      
                                                                                                                                                      
Non-0s: 3338
