listing contents of dir=/
.
..
dev
tmp
listing contents of dir=/working
.
..
existing
stdout
test_nodefs_readdir.js
test_nodefs_readdir.wasm
success
