abs(-10): 10
abs(-11): 11
abs(-12): 12
abs(-13): 13
abs(-14): 14
