main
thread_main
timeout
say_hello
keepalive_pop
done join
